
> sentinel-care-pro@0.0.0 build
> ng build

❯ Building...
✔ Building...
Initial chunk files | Names                    |  Raw size | Estimated transfer size
chunk-NWGXK4SN.js   | -                        | 172.47 kB |                49.76 kB
chunk-PIMUIKSC.js   | -                        |  87.41 kB |                22.09 kB
styles-B4B4IHJM.css | styles                   |  23.35 kB |                 1.98 kB
main-UTPV3DC3.js    | main                     |   1.75 kB |               578 bytes

                    | Initial total            | 284.99 kB |                74.41 kB

Lazy chunk files    | Names                    |  Raw size | Estimated transfer size
chunk-7ZBKV6CM.js   | patient-detail-component | 154.86 kB |                24.18 kB
chunk-7E4BOIB4.js   | reseau                   |  45.45 kB |                 6.42 kB
chunk-QPNOXWEY.js   | settings                 |  44.46 kB |                 5.02 kB
chunk-GMKTRN34.js   | profile                  |  42.23 kB |                 5.38 kB
chunk-ZUFH6LVF.js   | exportation              |  38.10 kB |                 8.07 kB
chunk-VAJUT634.js   | -                        |  26.72 kB |                 5.95 kB
chunk-CJFJG663.js   | dashboard-component      |  24.40 kB |                 5.85 kB
chunk-ELHZVLPD.js   | patients-list-component  |  16.78 kB |                 4.45 kB
chunk-RKTZSHGA.js   | main-layout-component    |   9.62 kB |                 2.63 kB
chunk-UBDA6PQN.js   | analyse                  |   9.52 kB |                 2.86 kB
chunk-ZTVNTCWJ.js   | data-verification        |   8.68 kB |                 2.19 kB
chunk-B3VGJT56.js   | register                 |   4.28 kB |                 1.45 kB
chunk-ZNAMZIOB.js   | login-component          |   4.22 kB |                 1.39 kB

Application bundle generation complete. [4.838 seconds] - 2026-03-27T13:04:53.377Z

[33m▲ [43;33m[[43;30mWARNING[43;33m][0m [1m2 repetitive deprecation warnings omitted.
Run in verbose mode to see all warnings.[0m [1m[35m[plugin angular-sass][0m

  null


[33m▲ [43;33m[[43;30mWARNING[43;33m][0m [1mDeprecation[0m [1m[35m[plugin angular-sass][0m

    src/app/pages/exportation/exportation.scss:46:190:
[37m      46 │ ...over { text-decoration: underline; color: [32m[37mdarken($error, 10%); } }
         ╵                                              [32m^[0m


  Global built-in functions are deprecated and will be removed in Dart Sass 3.0.0.
  Use color.adjust instead.
  
  More info and automated migrator: [4mhttps://sass-lang.com/d/import[0m


[33m▲ [43;33m[[43;30mWARNING[43;33m][0m [1mDeprecation[0m [1m[35m[plugin angular-sass][0m

    src/app/pages/exportation/exportation.scss:46:190:
[37m      46 │ ...over { text-decoration: underline; color: [32m[37mdarken($error, 10%); } }
         ╵                                              [32m^[0m


  darken() is deprecated. Suggestions:
  
  color.scale($color, $lightness: -16.6123778502%)
  color.adjust($color, $lightness: -10%)
  
  More info: [4mhttps://sass-lang.com/d/color-functions[0m


[33m▲ [43;33m[[43;30mWARNING[43;33m][0m [1mDeprecation[0m [1m[35m[plugin angular-sass][0m

    src/app/pages/exportation/exportation.scss:71:54:
[37m      71 │ ...nd: rgba($success, 0.1); color: [32m[37mdarken($success, 10%); .status-...
         ╵                                    [32m^[0m


  Global built-in functions are deprecated and will be removed in Dart Sass 3.0.0.
  Use color.adjust instead.
  
  More info and automated migrator: [4mhttps://sass-lang.com/d/import[0m


[33m▲ [43;33m[[43;30mWARNING[43;33m][0m [1mDeprecation[0m [1m[35m[plugin angular-sass][0m

    src/app/pages/exportation/exportation.scss:71:54:
[37m      71 │ ...nd: rgba($success, 0.1); color: [32m[37mdarken($success, 10%); .status-...
         ╵                                    [32m^[0m


  darken() is deprecated. Suggestions:
  
  color.scale($color, $lightness: -25.3731343284%)
  color.adjust($color, $lightness: -10%)
  
  More info: [4mhttps://sass-lang.com/d/color-functions[0m


[33m▲ [43;33m[[43;30mWARNING[43;33m][0m [1mDeprecation[0m [1m[35m[plugin angular-sass][0m

    src/app/pages/exportation/exportation.scss:72:54:
[37m      72 │ ...nd: rgba($pending, 0.1); color: [32m[37mdarken($pending, 10%); .status-...
         ╵                                    [32m^[0m


  Global built-in functions are deprecated and will be removed in Dart Sass 3.0.0.
  Use color.adjust instead.
  
  More info and automated migrator: [4mhttps://sass-lang.com/d/import[0m


[33m▲ [43;33m[[43;30mWARNING[43;33m][0m [1mDeprecation[0m [1m[35m[plugin angular-sass][0m

    src/app/pages/exportation/exportation.scss:72:54:
[37m      72 │ ...nd: rgba($pending, 0.1); color: [32m[37mdarken($pending, 10%); .status-...
         ╵                                    [32m^[0m


  darken() is deprecated. Suggestions:
  
  color.scale($color, $lightness: -19.921875%)
  color.adjust($color, $lightness: -10%)
  
  More info: [4mhttps://sass-lang.com/d/color-functions[0m


[33m▲ [43;33m[[43;30mWARNING[43;33m][0m [1mDeprecation[0m [1m[35m[plugin angular-sass][0m

    src/app/pages/exportation/exportation.scss:74:50:
[37m      74 │ ...ound: rgba($error, 0.1); color: [32m[37mdarken($error, 10%); .status-do...
         ╵                                    [32m^[0m


  Global built-in functions are deprecated and will be removed in Dart Sass 3.0.0.
  Use color.adjust instead.
  
  More info and automated migrator: [4mhttps://sass-lang.com/d/import[0m


[33m▲ [43;33m[[43;30mWARNING[43;33m][0m [1mDeprecation[0m [1m[35m[plugin angular-sass][0m

    src/app/pages/exportation/exportation.scss:74:50:
[37m      74 │ ...ound: rgba($error, 0.1); color: [32m[37mdarken($error, 10%); .status-do...
         ╵                                    [32m^[0m


  darken() is deprecated. Suggestions:
  
  color.scale($color, $lightness: -16.6123778502%)
  color.adjust($color, $lightness: -10%)
  
  More info: [4mhttps://sass-lang.com/d/color-functions[0m


[33m▲ [43;33m[[43;30mWARNING[43;33m][0m [1mDeprecation[0m [1m[35m[plugin angular-sass][0m

    src/app/pages/exportation/exportation.scss:382:61:
[37m      382 │ ...background: rgba($success, 0.15); color: [32m[37mdarken($success, 10%); }
          ╵                                             [32m^[0m


  Global built-in functions are deprecated and will be removed in Dart Sass 3.0.0.
  Use color.adjust instead.
  
  More info and automated migrator: [4mhttps://sass-lang.com/d/import[0m


[33m▲ [43;33m[[43;30mWARNING[43;33m][0m [1mDeprecation[0m [1m[35m[plugin angular-sass][0m

    src/app/pages/exportation/exportation.scss:382:61:
[37m      382 │ ...background: rgba($success, 0.15); color: [32m[37mdarken($success, 10%); }
          ╵                                             [32m^[0m


  darken() is deprecated. Suggestions:
  
  color.scale($color, $lightness: -25.3731343284%)
  color.adjust($color, $lightness: -10%)
  
  More info: [4mhttps://sass-lang.com/d/color-functions[0m


[33m▲ [43;33m[[43;30mWARNING[43;33m][0m [1mDeprecation[0m [1m[35m[plugin angular-sass][0m

    src/app/pages/patients/patient-detail/patient-detail.component.scss:111:13:
[37m      111 │       color: [32m[37mdarken($success, 10%);
          ╵              [32m^[0m


  Global built-in functions are deprecated and will be removed in Dart Sass 3.0.0.
  Use color.adjust instead.
  
  More info and automated migrator: [4mhttps://sass-lang.com/d/import[0m


[33m▲ [43;33m[[43;30mWARNING[43;33m][0m [1mDeprecation[0m [1m[35m[plugin angular-sass][0m

    src/app/pages/patients/patient-detail/patient-detail.component.scss:111:13:
[37m      111 │       color: [32m[37mdarken($success, 10%);
          ╵              [32m^[0m


  darken() is deprecated. Suggestions:
  
  color.scale($color, $lightness: -25.3731343284%)
  color.adjust($color, $lightness: -10%)
  
  More info: [4mhttps://sass-lang.com/d/color-functions[0m


[33m▲ [43;33m[[43;30mWARNING[43;33m][0m [1mDeprecation[0m [1m[35m[plugin angular-sass][0m

    src/app/pages/patients/patient-detail/patient-detail.component.scss:255:26:
[37m      255 │         background-color: [32m[37mdarken($primary, 5%);
          ╵                           [32m^[0m


  Global built-in functions are deprecated and will be removed in Dart Sass 3.0.0.
  Use color.adjust instead.
  
  More info and automated migrator: [4mhttps://sass-lang.com/d/import[0m


[33m▲ [43;33m[[43;30mWARNING[43;33m][0m [1mDeprecation[0m [1m[35m[plugin angular-sass][0m

    src/app/pages/patients/patient-detail/patient-detail.component.scss:255:26:
[37m      255 │         background-color: [32m[37mdarken($primary, 5%);
          ╵                           [32m^[0m


  darken() is deprecated. Suggestions:
  
  color.scale($color, $lightness: -26.2886597938%)
  color.adjust($color, $lightness: -5%)
  
  More info: [4mhttps://sass-lang.com/d/color-functions[0m


[33m▲ [43;33m[[43;30mWARNING[43;33m][0m [1mDeprecation[0m [1m[35m[plugin angular-sass][0m

    src/app/pages/patients/patient-detail/patient-detail.component.scss:317:22:
[37m      317 │     background-color: [32m[37mdarken($primary, 5%);
          ╵                       [32m^[0m


  Global built-in functions are deprecated and will be removed in Dart Sass 3.0.0.
  Use color.adjust instead.
  
  More info and automated migrator: [4mhttps://sass-lang.com/d/import[0m


[33m▲ [43;33m[[43;30mWARNING[43;33m][0m [1mDeprecation[0m [1m[35m[plugin angular-sass][0m

    src/app/pages/patients/patient-detail/patient-detail.component.scss:317:22:
[37m      317 │     background-color: [32m[37mdarken($primary, 5%);
          ╵                       [32m^[0m


  darken() is deprecated. Suggestions:
  
  color.scale($color, $lightness: -26.2886597938%)
  color.adjust($color, $lightness: -5%)
  
  More info: [4mhttps://sass-lang.com/d/color-functions[0m


[33m▲ [43;33m[[43;30mWARNING[43;33m][0m [1mDeprecation[0m [1m[35m[plugin angular-sass][0m

    src/app/pages/patients/patient-detail/patient-detail.component.scss:391:24:
[37m      391 │   &:hover { background: [32m[37mdarken($primary-light, 5%); }
          ╵                         [32m^[0m


  Global built-in functions are deprecated and will be removed in Dart Sass 3.0.0.
  Use color.adjust instead.
  
  More info and automated migrator: [4mhttps://sass-lang.com/d/import[0m


[33m▲ [43;33m[[43;30mWARNING[43;33m][0m [1mDeprecation[0m [1m[35m[plugin angular-sass][0m

    src/app/pages/patients/patient-detail/patient-detail.component.scss:391:24:
[37m      391 │   &:hover { background: [32m[37mdarken($primary-light, 5%); }
          ╵                         [32m^[0m


  darken() is deprecated. Suggestions:
  
  color.scale($color, $lightness: -5.3125%)
  color.adjust($color, $lightness: -5%)
  
  More info: [4mhttps://sass-lang.com/d/color-functions[0m


[33m▲ [43;33m[[43;30mWARNING[43;33m][0m [1mDeprecation[0m [1m[35m[plugin angular-sass][0m

    src/app/pages/patients/patient-detail/patient-detail.component.scss:585:32:
[37m      585 │           &:hover { background: [32m[37mdarken($primary, 5%); }
          ╵                                 [32m^[0m


  Global built-in functions are deprecated and will be removed in Dart Sass 3.0.0.
  Use color.adjust instead.
  
  More info and automated migrator: [4mhttps://sass-lang.com/d/import[0m


[33m▲ [43;33m[[43;30mWARNING[43;33m][0m [1mDeprecation[0m [1m[35m[plugin angular-sass][0m

    src/app/pages/patients/patient-detail/patient-detail.component.scss:585:32:
[37m      585 │           &:hover { background: [32m[37mdarken($primary, 5%); }
          ╵                                 [32m^[0m


  darken() is deprecated. Suggestions:
  
  color.scale($color, $lightness: -26.2886597938%)
  color.adjust($color, $lightness: -5%)
  
  More info: [4mhttps://sass-lang.com/d/color-functions[0m


[33m▲ [43;33m[[43;30mWARNING[43;33m][0m [1mDeprecation[0m [1m[35m[plugin angular-sass][0m

    src/app/pages/patients/patient-monitoring/patient-monitoring.scss:91:26:
[37m      91 │         background-color: [32m[37mdarken($success, 10%);
         ╵                           [32m^[0m


  Global built-in functions are deprecated and will be removed in Dart Sass 3.0.0.
  Use color.adjust instead.
  
  More info and automated migrator: [4mhttps://sass-lang.com/d/import[0m


[33m▲ [43;33m[[43;30mWARNING[43;33m][0m [1mDeprecation[0m [1m[35m[plugin angular-sass][0m

    src/app/pages/patients/patient-monitoring/patient-monitoring.scss:91:26:
[37m      91 │         background-color: [32m[37mdarken($success, 10%);
         ╵                           [32m^[0m


  darken() is deprecated. Suggestions:
  
  color.scale($color, $lightness: -25.3731343284%)
  color.adjust($color, $lightness: -10%)
  
  More info: [4mhttps://sass-lang.com/d/color-functions[0m


[33m▲ [43;33m[[43;30mWARNING[43;33m][0m [1mDeprecation[0m [1m[35m[plugin angular-sass][0m

    src/app/pages/patients/patient-network/patient-network.scss:135:20:
[37m      135 │         background: [32m[37mlighten($text-dark, 10%);
          ╵                     [32m^[0m


  Global built-in functions are deprecated and will be removed in Dart Sass 3.0.0.
  Use color.adjust instead.
  
  More info and automated migrator: [4mhttps://sass-lang.com/d/import[0m


[33m▲ [43;33m[[43;30mWARNING[43;33m][0m [1mDeprecation[0m [1m[35m[plugin angular-sass][0m

    src/app/pages/patients/patient-network/patient-network.scss:135:20:
[37m      135 │         background: [32m[37mlighten($text-dark, 10%);
          ╵                     [32m^[0m


  lighten() is deprecated. Suggestions:
  
  color.scale($color, $lightness: 12.1140142518%)
  color.adjust($color, $lightness: 10%)
  
  More info: [4mhttps://sass-lang.com/d/color-functions[0m


[33m▲ [43;33m[[43;30mWARNING[43;33m][0m [1mDeprecation[0m [1m[35m[plugin angular-sass][0m

    src/app/pages/profile/profile.scss:1:8:
[37m      1 │ @import [32m[37m"../../../styles.scss";
        ╵         [32m^[0m


  Sass @import rules are deprecated and will be removed in Dart Sass 3.0.0.
  
  More info and automated migrator: [4mhttps://sass-lang.com/d/import[0m


[33m▲ [43;33m[[43;30mWARNING[43;33m][0m [1mDeprecation[0m [1m[35m[plugin angular-sass][0m

    src/app/pages/reseau/reseau.scss:1:8:
[37m      1 │ @import [32m[37m'../../../styles.scss';
        ╵         [32m^[0m


  Sass @import rules are deprecated and will be removed in Dart Sass 3.0.0.
  
  More info and automated migrator: [4mhttps://sass-lang.com/d/import[0m


[33m▲ [43;33m[[43;30mWARNING[43;33m][0m [1mDeprecation[0m [1m[35m[plugin angular-sass][0m

    src/app/pages/settings/settings.scss:1:8:
[37m      1 │ @import [32m[37m"../../../styles.scss";
        ╵         [32m^[0m


  Sass @import rules are deprecated and will be removed in Dart Sass 3.0.0.
  
  More info and automated migrator: [4mhttps://sass-lang.com/d/import[0m


Output location: /Users/gginer/Documents/LeoPharma Pro/dist/sentinel-care-pro

